// Jest Snapshot v1, https://goo.gl/fbAQLP

exports[`Mega evolutions Mewtwo (case: "Mega Mewtwo X") 1`] = `"超夢 (Mega 超夢 X)"`;

exports[`Mega evolutions Mewtwo (case: "Mega Mewtwo Y") 1`] = `"超夢 (Mega 超夢 Y)"`;

exports[`Mega evolutions Mewtwo (case: "Mewtwo") 1`] = `"超夢"`;

exports[`Multiple forms Lycanroc (case: "Lycanroc Dusk Form") 1`] = `"鬃岩狼人 (黃昏的樣子)"`;

exports[`Multiple forms Lycanroc (case: "Lycanroc Dusk") 1`] = `"鬃岩狼人 (黃昏的樣子)"`;

exports[`Multiple forms Lycanroc (case: "Lycanroc Midday Form") 1`] = `"鬃岩狼人 (白晝的樣子)"`;

exports[`Multiple forms Lycanroc (case: "Lycanroc Midday") 1`] = `"鬃岩狼人 (白晝的樣子)"`;

exports[`Multiple forms Lycanroc (case: "Lycanroc Midnight Form") 1`] = `"鬃岩狼人 (黑夜的樣子)"`;

exports[`Multiple forms Lycanroc (case: "Lycanroc Midnight") 1`] = `"鬃岩狼人 (黑夜的樣子)"`;

exports[`Multiple region forms Meowth (case: "Alolan Form Meowth") 1`] = `"喵喵 (阿羅拉地區)"`;

exports[`Multiple region forms Meowth (case: "Alolan Meowth") 1`] = `"喵喵 (阿羅拉地區)"`;

exports[`Multiple region forms Meowth (case: "Galarian Form Meowth") 1`] = `"喵喵 (伽勒爾地區)"`;

exports[`Multiple region forms Meowth (case: "Galarian Meowth") 1`] = `"喵喵 (伽勒爾地區)"`;

exports[`Multiple region forms Meowth (case: "Meowt Galarian Form") 1`] = `"喵喵 (伽勒爾地區)"`;

exports[`Multiple region forms Meowth (case: "Meowt Galarian") 1`] = `"喵喵 (伽勒爾地區)"`;

exports[`Multiple region forms Meowth (case: "Meowth Alolan Form") 1`] = `"喵喵 (阿羅拉地區)"`;

exports[`Multiple region forms Meowth (case: "Meowth Alolan") 1`] = `"喵喵 (阿羅拉地區)"`;

exports[`Multiple region forms Meowth (case: "Meowth") 1`] = `"喵喵"`;

exports[`Multiple region forms with different modes Darmanitan (case: "Darmanitan Galarian Standard Mode") 1`] = `"達摩狒狒 (伽勒爾地區)"`;

exports[`Multiple region forms with different modes Darmanitan (case: "Darmanitan Galarian Zen Mode") 1`] = `"達摩狒狒 (伽勒爾地區 達摩模式)"`;

exports[`Multiple region forms with different modes Darmanitan (case: "Darmanitan Standard Mode") 1`] = `"達摩狒狒"`;

exports[`Multiple region forms with different modes Darmanitan (case: "Darmanitan Zen Mode") 1`] = `"達摩狒狒 (達摩模式)"`;

exports[`Multiple region forms with different modes Darmanitan (case: "Darmanitan") 1`] = `"達摩狒狒 (達摩模式)"`;
